// Jest Snapshot v1, https://goo.gl/fbAQLP

exports[`composition should have all functions 1`] = `
[
  "isComponent",
  "isComponentInstance",
  "isElement",
  "isInInstance",
  "isToRef",
  "isWritableRef",
  "useAnimationLoop",
  "onAnimationRepeater",
  "useBlur",
  "onClickOutside",
  "useClipboard",
  "useLegacyClipboard",
  "onConnection",
  "onOffline",
  "onOnline",
  "useConnection",
  "useDebounce",
  "createUseDelay",
  "useDelay",
  "useElementFocus",
  "onElementMutation",
  "onElementResize",
  "onEvent",
  "onFocus",
  "useImmer",
  "useInstanceId",
  "getRetryArgs",
  "usePromise",
  "useRequest",
  "onRouteHistory",
  "stopRouteHistory",
  "isVisible",
  "onShouldUpdate",
  "useSize",
  "useElementSticky",
  "useSticky",
  "useThrottle",
  "VerifyInputsKey",
  "useVerifyInput",
  "useVerifyInputs",
  "verifyDirective",
  "bunchRef",
  "defaultRef",
  "elementRef",
  "mutRef",
  "resolveRef",
  "setRef",
  "storageRef",
  "toDeepRef",
  "toEachRefs",
  "toggleRef",
  "getRef",
  "unref",
  "watchExtended",
  "createAsElement",
  "debug",
  "CONTEXT_KEY",
  "defineContext",
  "preferParentContext",
  "html",
  "resolveElement",
]
`;
