// Jest Snapshot v1, https://goo.gl/fbAQLP

exports[`create-styled should reload 1`] = `""`;
