// Jest Snapshot v1, https://goo.gl/fbAQLP

exports[`variant should not return styles 1`] = `
.emotion-0 {
  margin: 15px;
  padding: 10px;
  margin: 5px;
}

.emotion-0>div {
  margin: 5px;
}

.emotion-0>div .foo {
  padding: 5px;
}

<div
  class=" emotion-0"
>
  <div
    class="bar"
  >
    <div
      class="foo"
    />
  </div>
</div>
`;
