// Jest Snapshot v1, https://goo.gl/fbAQLP

exports[`find-atom should return atoms 1`] = `
Array [
  Array [
    "foo.john",
    Object {
      "name": "john",
      Symbol(atom): true,
      Symbol(atom action): undefined,
    },
  ],
  Array [
    "foo",
    Object {
      "bar": "bar",
      "john": Object {
        "name": "john",
        Symbol(atom): true,
        Symbol(atom action): undefined,
      },
      Symbol(atom): true,
      Symbol(atom action): undefined,
    },
  ],
]
`;
